// Jest Snapshot v1, https://goo.gl/fbAQLP

exports[`Should handle onClick  1`] = `
<button
  onClick={
    [MockFunction] {
      "calls": Array [
        Array [
          1,
        ],
      ],
      "results": Array [
        Object {
          "type": "return",
          "value": undefined,
        },
      ],
    }
  }
/>
`;

exports[`Should handle onSubmit  1`] = `
<div>
  <div
    className="page-header"
  >
    <div
      className="content-container"
    >
      <h1
        className="page-header__title"
      >
        Edit Job Application
      </h1>
    </div>
  </div>
  <div
    className="content-container"
  >
    <JobForm
      onSubmit={[Function]}
    />
  </div>
</div>
`;

exports[`Should render EditJobApplication Correctly 1`] = `
<div>
  <div
    className="page-header"
  >
    <div
      className="content-container"
    >
      <h1
        className="page-header__title"
      >
        Edit Job Application
      </h1>
    </div>
  </div>
  <div
    className="content-container"
  >
    <JobForm
      onSubmit={[Function]}
    />
  </div>
</div>
`;
