// Jest Snapshot v1, https://goo.gl/fbAQLP

exports[`Should render Help Page correctly 1`] = `
<div>
   This is from the Help Page
</div>
`;
